Test project /workspaces/openvino
